// Jest Snapshot v1, https://goo.gl/fbAQLP

exports[`renders Filter_Selections story 1`] = `
<View
  style={
    [
      {},
    ]
  }
>
  <Text
    style={
      [
        {
          "color": "#081F32",
          "fontFamily": "Roboto-Medium",
          "fontSize": 15,
          "letterSpacing": -0.24,
          "lineHeight": 20,
        },
        {},
        [
          {
            "color": "#8E8E93",
            "marginBottom": 10,
            "marginLeft": 15,
            "marginTop": 10,
          },
        ],
      ]
    }
    variant="body15-semibold"
  >
    Status
  </Text>
  <View
    style={
      [
        {
          "backgroundColor": "#D1D1D6",
          "height": 1,
        },
        {
          "marginLeft": "0%",
        },
      ]
    }
  />
  <RNGestureHandlerButton
    collapsable={false}
    delayLongPress={600}
    enabled={true}
    exclusive={true}
    handlerTag={1}
    handlerType="NativeViewGestureHandler"
    onGestureEvent={[Function]}
    onGestureHandlerEvent={[Function]}
    onGestureHandlerStateChange={[Function]}
    onHandlerStateChange={[Function]}
    rippleColor={0}
    touchSoundDisabled={false}
  >
    <View
      accessible={true}
      collapsable={false}
      style={
        {
          "opacity": 1,
        }
      }
    >
      <View
        style={
          [
            {
              "alignItems": "center",
              "flexDirection": "row",
              "height": 44,
              "paddingBottom": 0,
              "paddingLeft": 16,
              "paddingRight": 16,
              "paddingTop": 0,
            },
            {},
          ]
        }
      >
        <RNSVGSvgView
          align="xMidYMid"
          bbHeight="24"
          bbWidth="24"
          fill="none"
          focusable={false}
          height={24}
          meetOrSlice={0}
          minX={0}
          minY={0}
          style={
            [
              {
                "backgroundColor": "transparent",
                "borderWidth": 0,
              },
              {
                "flex": 0,
                "height": 24,
                "width": 24,
              },
            ]
          }
          vbHeight={24}
          vbWidth={24}
          width={24}
        >
          <RNSVGGroup
            fill={null}
            propList={
              [
                "fill",
              ]
            }
          >
            <RNSVGPath
              clipRule={0}
              d="M1 12c0 6.075 4.925 11 11 11s11-4.925 11-11S18.075 1 12 1 1 5.925 1 12Zm-1 0C0 5.373 5.373 0 12 0s12 5.373 12 12-5.373 12-12 12S0 18.627 0 12Z"
              fill={
                {
                  "payload": 4283979478,
                  "type": 0,
                }
              }
              fillRule={0}
              propList={
                [
                  "fill",
                  "fillRule",
                ]
              }
            />
            <RNSVGPath
              clipRule={0}
              d="M12 19a7 7 0 1 1 0-14 7 7 0 0 1 0 14Z"
              fill={
                {
                  "payload": 4283979478,
                  "type": 0,
                }
              }
              fillRule={0}
              propList={
                [
                  "fill",
                  "fillRule",
                ]
              }
            />
          </RNSVGGroup>
        </RNSVGSvgView>
        <Text
          style={
            [
              {
                "color": "#081F32",
                "fontFamily": "Roboto-Regular",
                "fontSize": 17,
                "letterSpacing": -0.41,
                "lineHeight": 22,
              },
              {},
              [
                {
                  "marginLeft": 16,
                },
              ],
            ]
          }
          variant="body17"
        >
          Alive
        </Text>
      </View>
    </View>
  </RNGestureHandlerButton>
  <View
    style={
      [
        {
          "backgroundColor": "#D1D1D6",
          "height": 1,
        },
        {
          "marginLeft": "12%",
        },
      ]
    }
  />
  <RNGestureHandlerButton
    collapsable={false}
    delayLongPress={600}
    enabled={true}
    exclusive={true}
    handlerTag={2}
    handlerType="NativeViewGestureHandler"
    onGestureEvent={[Function]}
    onGestureHandlerEvent={[Function]}
    onGestureHandlerStateChange={[Function]}
    onHandlerStateChange={[Function]}
    rippleColor={0}
    touchSoundDisabled={false}
  >
    <View
      accessible={true}
      collapsable={false}
      style={
        {
          "opacity": 1,
        }
      }
    >
      <View
        style={
          [
            {
              "alignItems": "center",
              "flexDirection": "row",
              "height": 44,
              "paddingBottom": 0,
              "paddingLeft": 16,
              "paddingRight": 16,
              "paddingTop": 0,
            },
            {},
          ]
        }
      >
        <RNSVGSvgView
          align="xMidYMid"
          bbHeight="22"
          bbWidth="22"
          fill="none"
          focusable={false}
          height={22}
          meetOrSlice={0}
          minX={0}
          minY={0}
          style={
            [
              {
                "backgroundColor": "transparent",
                "borderWidth": 0,
              },
              {
                "flex": 0,
                "height": 22,
                "width": 22,
              },
            ]
          }
          vbHeight={22}
          vbWidth={22}
          width={22}
        >
          <RNSVGGroup
            fill={null}
            propList={
              [
                "fill",
              ]
            }
          >
            <RNSVGPath
              d="M21.25 11c0 5.66-4.59 10.25-10.25 10.25S.75 16.66.75 11 5.34.75 11 .75 21.25 5.34 21.25 11Z"
              fill={
                {
                  "payload": 4294967295,
                  "type": 0,
                }
              }
              propList={
                [
                  "fill",
                  "stroke",
                  "strokeWidth",
                ]
              }
              stroke={
                {
                  "payload": 4293256682,
                  "type": 0,
                }
              }
              strokeWidth="1.5"
            />
          </RNSVGGroup>
        </RNSVGSvgView>
        <Text
          style={
            [
              {
                "color": "#081F32",
                "fontFamily": "Roboto-Regular",
                "fontSize": 17,
                "letterSpacing": -0.41,
                "lineHeight": 22,
              },
              {},
              [
                {
                  "marginLeft": 16,
                },
              ],
            ]
          }
          variant="body17"
        >
          Dead
        </Text>
      </View>
    </View>
  </RNGestureHandlerButton>
  <View
    style={
      [
        {
          "backgroundColor": "#D1D1D6",
          "height": 1,
        },
        {
          "marginLeft": "12%",
        },
      ]
    }
  />
  <RNGestureHandlerButton
    collapsable={false}
    delayLongPress={600}
    enabled={true}
    exclusive={true}
    handlerTag={3}
    handlerType="NativeViewGestureHandler"
    onGestureEvent={[Function]}
    onGestureHandlerEvent={[Function]}
    onGestureHandlerStateChange={[Function]}
    onHandlerStateChange={[Function]}
    rippleColor={0}
    touchSoundDisabled={false}
  >
    <View
      accessible={true}
      collapsable={false}
      style={
        {
          "opacity": 1,
        }
      }
    >
      <View
        style={
          [
            {
              "alignItems": "center",
              "flexDirection": "row",
              "height": 44,
              "paddingBottom": 0,
              "paddingLeft": 16,
              "paddingRight": 16,
              "paddingTop": 0,
            },
            {},
          ]
        }
      >
        <RNSVGSvgView
          align="xMidYMid"
          bbHeight="22"
          bbWidth="22"
          fill="none"
          focusable={false}
          height={22}
          meetOrSlice={0}
          minX={0}
          minY={0}
          style={
            [
              {
                "backgroundColor": "transparent",
                "borderWidth": 0,
              },
              {
                "flex": 0,
                "height": 22,
                "width": 22,
              },
            ]
          }
          vbHeight={22}
          vbWidth={22}
          width={22}
        >
          <RNSVGGroup
            fill={null}
            propList={
              [
                "fill",
              ]
            }
          >
            <RNSVGPath
              d="M21.25 11c0 5.66-4.59 10.25-10.25 10.25S.75 16.66.75 11 5.34.75 11 .75 21.25 5.34 21.25 11Z"
              fill={
                {
                  "payload": 4294967295,
                  "type": 0,
                }
              }
              propList={
                [
                  "fill",
                  "stroke",
                  "strokeWidth",
                ]
              }
              stroke={
                {
                  "payload": 4293256682,
                  "type": 0,
                }
              }
              strokeWidth="1.5"
            />
          </RNSVGGroup>
        </RNSVGSvgView>
        <Text
          style={
            [
              {
                "color": "#081F32",
                "fontFamily": "Roboto-Regular",
                "fontSize": 17,
                "letterSpacing": -0.41,
                "lineHeight": 22,
              },
              {},
              [
                {
                  "marginLeft": 16,
                },
              ],
            ]
          }
          variant="body17"
        >
          Unknown
        </Text>
      </View>
    </View>
  </RNGestureHandlerButton>
  <View
    style={
      [
        {
          "backgroundColor": "#D1D1D6",
          "height": 1,
        },
        {
          "marginLeft": "0%",
        },
      ]
    }
  />
</View>
`;
