// Jest Snapshot v1, https://goo.gl/fbAQLP

exports[`renders Icon story 1`] = `
<RNSVGSvgView
  align="xMidYMid"
  bbHeight="14"
  bbWidth="14"
  fill="none"
  focusable={false}
  height={14}
  meetOrSlice={0}
  minX={0}
  minY={0}
  style={
    [
      {
        "backgroundColor": "transparent",
        "borderWidth": 0,
      },
      {
        "flex": 0,
        "height": 14,
        "width": 14,
      },
    ]
  }
  vbHeight={14}
  vbWidth={14}
  width={14}
>
  <RNSVGGroup
    fill={null}
    propList={
      [
        "fill",
      ]
    }
  >
    <RNSVGPath
      d="M7 12.7222C10.3137 12.7222 13 10.0359 13 6.72223C13 3.40852 10.3137 0.722229 7 0.722229C3.68629 0.722229 1 3.40852 1 6.72223C1 10.0359 3.68629 12.7222 7 12.7222Z"
      fill={
        {
          "payload": 4283979478,
          "type": 0,
        }
      }
      propList={
        [
          "fill",
        ]
      }
    />
  </RNSVGGroup>
</RNSVGSvgView>
`;
